// Jest Snapshot v1, https://goo.gl/fbAQLP

exports[`Test the HomeDescription component The HomeDescription component renders correctly 1`] = `
{
  "asFragment": [Function],
  "baseElement": <body>
    <div>
      <div
        class="main_description"
      >
        Lorem ipsum dolor sit amet consectetur adipisicing elit. Temporibus
  fugit, aliquam animi nostrum repudiandae non quibusdam. Commodi,
  blanditiis, mollitia eaque reprehenderit fugiat, aut facere dolorem
  voluptatum a nulla ut. Iure? Lorem ipsum dolor sit amet consectetur
  adipisicing elit. Temporibus fugit, aliquam animi nostrum repudiandae
  non quibusdam. Commodi, blanditiis, mollitia eaque reprehenderit fugiat,
  aut facere dolorem voluptatum a nulla ut. Iure?
      </div>
      <div
        class="title"
      >
        Hello from TRAVELER!
      </div>
      <img
        alt="background_img"
        class="background_img"
        data-nimg="1"
        decoding="async"
        fetchpriority="high"
        height="1080"
        sizes="(max-width: 600px) 100vw, (max-width: 400px) 100vw, 100vw"
        src="/_next/image?url=%2Fimg.jpg&w=3840&q=75"
        srcset="/_next/image?url=%2Fimg.jpg&w=640&q=75 640w, /_next/image?url=%2Fimg.jpg&w=750&q=75 750w, /_next/image?url=%2Fimg.jpg&w=828&q=75 828w, /_next/image?url=%2Fimg.jpg&w=1080&q=75 1080w, /_next/image?url=%2Fimg.jpg&w=1200&q=75 1200w, /_next/image?url=%2Fimg.jpg&w=1920&q=75 1920w, /_next/image?url=%2Fimg.jpg&w=2048&q=75 2048w, /_next/image?url=%2Fimg.jpg&w=3840&q=75 3840w"
        style="color: transparent; object-fit: cover;"
        width="1920"
      />
    </div>
  </body>,
  "container": <div>
    <div
      class="main_description"
    >
      Lorem ipsum dolor sit amet consectetur adipisicing elit. Temporibus
  fugit, aliquam animi nostrum repudiandae non quibusdam. Commodi,
  blanditiis, mollitia eaque reprehenderit fugiat, aut facere dolorem
  voluptatum a nulla ut. Iure? Lorem ipsum dolor sit amet consectetur
  adipisicing elit. Temporibus fugit, aliquam animi nostrum repudiandae
  non quibusdam. Commodi, blanditiis, mollitia eaque reprehenderit fugiat,
  aut facere dolorem voluptatum a nulla ut. Iure?
    </div>
    <div
      class="title"
    >
      Hello from TRAVELER!
    </div>
    <img
      alt="background_img"
      class="background_img"
      data-nimg="1"
      decoding="async"
      fetchpriority="high"
      height="1080"
      sizes="(max-width: 600px) 100vw, (max-width: 400px) 100vw, 100vw"
      src="/_next/image?url=%2Fimg.jpg&w=3840&q=75"
      srcset="/_next/image?url=%2Fimg.jpg&w=640&q=75 640w, /_next/image?url=%2Fimg.jpg&w=750&q=75 750w, /_next/image?url=%2Fimg.jpg&w=828&q=75 828w, /_next/image?url=%2Fimg.jpg&w=1080&q=75 1080w, /_next/image?url=%2Fimg.jpg&w=1200&q=75 1200w, /_next/image?url=%2Fimg.jpg&w=1920&q=75 1920w, /_next/image?url=%2Fimg.jpg&w=2048&q=75 2048w, /_next/image?url=%2Fimg.jpg&w=3840&q=75 3840w"
      style="color: transparent; object-fit: cover;"
      width="1920"
    />
  </div>,
  "debug": [Function],
  "findAllByAltText": [Function],
  "findAllByDisplayValue": [Function],
  "findAllByLabelText": [Function],
  "findAllByPlaceholderText": [Function],
  "findAllByRole": [Function],
  "findAllByTestId": [Function],
  "findAllByText": [Function],
  "findAllByTitle": [Function],
  "findByAltText": [Function],
  "findByDisplayValue": [Function],
  "findByLabelText": [Function],
  "findByPlaceholderText": [Function],
  "findByRole": [Function],
  "findByTestId": [Function],
  "findByText": [Function],
  "findByTitle": [Function],
  "getAllByAltText": [Function],
  "getAllByDisplayValue": [Function],
  "getAllByLabelText": [Function],
  "getAllByPlaceholderText": [Function],
  "getAllByRole": [Function],
  "getAllByTestId": [Function],
  "getAllByText": [Function],
  "getAllByTitle": [Function],
  "getByAltText": [Function],
  "getByDisplayValue": [Function],
  "getByLabelText": [Function],
  "getByPlaceholderText": [Function],
  "getByRole": [Function],
  "getByTestId": [Function],
  "getByText": [Function],
  "getByTitle": [Function],
  "queryAllByAltText": [Function],
  "queryAllByDisplayValue": [Function],
  "queryAllByLabelText": [Function],
  "queryAllByPlaceholderText": [Function],
  "queryAllByRole": [Function],
  "queryAllByTestId": [Function],
  "queryAllByText": [Function],
  "queryAllByTitle": [Function],
  "queryByAltText": [Function],
  "queryByDisplayValue": [Function],
  "queryByLabelText": [Function],
  "queryByPlaceholderText": [Function],
  "queryByRole": [Function],
  "queryByTestId": [Function],
  "queryByText": [Function],
  "queryByTitle": [Function],
  "rerender": [Function],
  "unmount": [Function],
}
`;
