// Jest Snapshot v1, https://goo.gl/fbAQLP

exports[`Test the InstaPost component The InstaPost component renders correctly 1`] = `
{
  "asFragment": [Function],
  "baseElement": <body>
    <div>
      <div
        class="modal_wrapper"
      />
      <div
        class="modal_container"
      >
        <img
          alt="current_post"
          class="post_photo"
          data-nimg="1"
          decoding="async"
          fetchpriority="high"
          height="400"
          src="/_next/image?url=%2Fimg.jpg&w=1080&q=75"
          srcset="/_next/image?url=%2Fimg.jpg&w=640&q=75 1x, /_next/image?url=%2Fimg.jpg&w=1080&q=75 2x"
          style="color: transparent;"
          width="450"
        />
        <div
          class="post_data_container"
        >
          <img
            alt="close_icon"
            class="close_icon"
            data-nimg="1"
            decoding="async"
            height="40"
            loading="lazy"
            src="/_next/image?url=%2Fimg.jpg&w=96&q=75"
            srcset="/_next/image?url=%2Fimg.jpg&w=48&q=75 1x, /_next/image?url=%2Fimg.jpg&w=96&q=75 2x"
            style="color: transparent;"
            width="40"
          />
          <div
            class="location"
          >
            Vancouver
          </div>
          <div
            class="date"
          >
            14th October 2023
          </div>
          <div
            class="post_descripton"
          >
            Lorem ipsum dolor sit amet, consectetur
    adipiscing elit, sed do eiusmod tempor incididunt ut
    labore et dolore magna aliqua. Ut enim ad minim veniam,
    quis nostrud exercitation ullamco laboris nisi. Lorem ipsum dolor sit amet, consectetur
    adipiscing elit, sed do eiusmod tempor incididunt ut
    labore et dolore magna aliqua. Ut enim ad minim veniam,
    quis nostrud exercitation ullamco laboris nisi. Lorem ipsum dolor sit amet, consectetur
    adipiscing elit, sed do eiusmod tempor incididunt ut
    labore et dolore magna aliqua. Ut enim ad minim veniam,
    quis nostrud exercitation ullamco laboris nisi
          </div>
          <div
            class="tags_container"
          >
            <div>
              #travel
            </div>
            <div>
              #aesthetics
            </div>
            <div>
              #life
            </div>
            <div>
              #blog
            </div>
          </div>
        </div>
      </div>
    </div>
  </body>,
  "container": <div>
    <div
      class="modal_wrapper"
    />
    <div
      class="modal_container"
    >
      <img
        alt="current_post"
        class="post_photo"
        data-nimg="1"
        decoding="async"
        fetchpriority="high"
        height="400"
        src="/_next/image?url=%2Fimg.jpg&w=1080&q=75"
        srcset="/_next/image?url=%2Fimg.jpg&w=640&q=75 1x, /_next/image?url=%2Fimg.jpg&w=1080&q=75 2x"
        style="color: transparent;"
        width="450"
      />
      <div
        class="post_data_container"
      >
        <img
          alt="close_icon"
          class="close_icon"
          data-nimg="1"
          decoding="async"
          height="40"
          loading="lazy"
          src="/_next/image?url=%2Fimg.jpg&w=96&q=75"
          srcset="/_next/image?url=%2Fimg.jpg&w=48&q=75 1x, /_next/image?url=%2Fimg.jpg&w=96&q=75 2x"
          style="color: transparent;"
          width="40"
        />
        <div
          class="location"
        >
          Vancouver
        </div>
        <div
          class="date"
        >
          14th October 2023
        </div>
        <div
          class="post_descripton"
        >
          Lorem ipsum dolor sit amet, consectetur
    adipiscing elit, sed do eiusmod tempor incididunt ut
    labore et dolore magna aliqua. Ut enim ad minim veniam,
    quis nostrud exercitation ullamco laboris nisi. Lorem ipsum dolor sit amet, consectetur
    adipiscing elit, sed do eiusmod tempor incididunt ut
    labore et dolore magna aliqua. Ut enim ad minim veniam,
    quis nostrud exercitation ullamco laboris nisi. Lorem ipsum dolor sit amet, consectetur
    adipiscing elit, sed do eiusmod tempor incididunt ut
    labore et dolore magna aliqua. Ut enim ad minim veniam,
    quis nostrud exercitation ullamco laboris nisi
        </div>
        <div
          class="tags_container"
        >
          <div>
            #travel
          </div>
          <div>
            #aesthetics
          </div>
          <div>
            #life
          </div>
          <div>
            #blog
          </div>
        </div>
      </div>
    </div>
  </div>,
  "debug": [Function],
  "findAllByAltText": [Function],
  "findAllByDisplayValue": [Function],
  "findAllByLabelText": [Function],
  "findAllByPlaceholderText": [Function],
  "findAllByRole": [Function],
  "findAllByTestId": [Function],
  "findAllByText": [Function],
  "findAllByTitle": [Function],
  "findByAltText": [Function],
  "findByDisplayValue": [Function],
  "findByLabelText": [Function],
  "findByPlaceholderText": [Function],
  "findByRole": [Function],
  "findByTestId": [Function],
  "findByText": [Function],
  "findByTitle": [Function],
  "getAllByAltText": [Function],
  "getAllByDisplayValue": [Function],
  "getAllByLabelText": [Function],
  "getAllByPlaceholderText": [Function],
  "getAllByRole": [Function],
  "getAllByTestId": [Function],
  "getAllByText": [Function],
  "getAllByTitle": [Function],
  "getByAltText": [Function],
  "getByDisplayValue": [Function],
  "getByLabelText": [Function],
  "getByPlaceholderText": [Function],
  "getByRole": [Function],
  "getByTestId": [Function],
  "getByText": [Function],
  "getByTitle": [Function],
  "queryAllByAltText": [Function],
  "queryAllByDisplayValue": [Function],
  "queryAllByLabelText": [Function],
  "queryAllByPlaceholderText": [Function],
  "queryAllByRole": [Function],
  "queryAllByTestId": [Function],
  "queryAllByText": [Function],
  "queryAllByTitle": [Function],
  "queryByAltText": [Function],
  "queryByDisplayValue": [Function],
  "queryByLabelText": [Function],
  "queryByPlaceholderText": [Function],
  "queryByRole": [Function],
  "queryByTestId": [Function],
  "queryByText": [Function],
  "queryByTitle": [Function],
  "rerender": [Function],
  "unmount": [Function],
}
`;
